// Jest Snapshot v1, https://goo.gl/fbAQLP

exports[`Input should maintain snapshot 1`] = `
<TextInput
  accessibilityValue={
    Object {
      "text": "Valid entry",
    }
  }
  onBlur={[Function]}
  onChangeText={[Function]}
  onFocus={[Function]}
  style={
    Array [
      Object {
        "borderBottomColor": "rgba(0, 0, 0, 0.2)",
        "borderBottomWidth": 1,
        "fontSize": 15,
        "paddingBottom": 10,
        "paddingHorizontal": 0,
        "paddingTop": 10,
        "width": "100%",
      },
      undefined,
      undefined,
    ]
  }
  value=""
/>
`;
