// Jest Snapshot v1, https://goo.gl/fbAQLP

exports[`should maintain snapshot 1`] = `
<TouchableOpacity
  disabled={false}
  onPress={[Function]}
  style={
    Array [
      Object {
        "alignItems": "center",
        "backgroundColor": "#EE7674",
        "justifyContent": "center",
        "marginBottom": 25,
        "marginTop": 25,
        "padding": 20,
      },
      undefined,
    ]
  }
>
  <Text
    style={
      Object {
        "color": "white",
        "fontWeight": "bold",
      }
    }
  >
    Submit
  </Text>
</TouchableOpacity>
`;
