// Jest Snapshot v1, https://goo.gl/fbAQLP

exports[`SubmitButton should maintain snapshot 1`] = `
<View
  style={
    Object {
      "marginVertical": 25,
    }
  }
>
  <View
    accessibilityState={
      Object {
        "disabled": false,
      }
    }
    accessible={true}
    focusable={true}
    onClick={[Function]}
    onResponderGrant={[Function]}
    onResponderMove={[Function]}
    onResponderRelease={[Function]}
    onResponderTerminate={[Function]}
    onResponderTerminationRequest={[Function]}
    onStartShouldSetResponder={[Function]}
    style={
      Array [
        Object {
          "alignItems": "center",
          "backgroundColor": "#3AB795",
          "borderColor": "rgba(0, 0, 0, 0.2)",
          "borderRadius": 90,
          "borderWidth": 0.5,
          "flexDirection": "row",
          "justifyContent": "center",
          "marginHorizontal": 3,
          "padding": 12,
          "shadowColor": "rgb(37, 37, 37)",
          "shadowOffset": Object {
            "height": 2,
            "width": 0,
          },
          "shadowOpacity": 0.3,
          "shadowRadius": 3,
        },
        undefined,
      ]
    }
  >
    <Text
      style={
        Object {
          "color": "white",
          "fontFamily": "Montserrat-SemiBold",
        }
      }
    >
      Submit
    </Text>
  </View>
</View>
`;
