// Jest Snapshot v1, https://goo.gl/fbAQLP

exports[`should maintain snapshot 1`] = `
<View
  data-testid="container"
  style={
    Array [
      Object {
        "alignItems": "center",
        "borderColor": "rgba(0, 0, 0, 0.1)",
        "borderRadius": 10,
        "borderWidth": 1,
        "flex": 1,
        "flexDirection": "row",
        "justifyContent": "space-between",
        "marginTop": 20,
        "padding": 20,
      },
      undefined,
      undefined,
    ]
  }
>
  <Text
    style={
      Object {
        "color": "rgb(37, 37, 37)",
        "width": "80%",
      }
    }
  >
    Some Condition
  </Text>
  <View
    style={
      Object {
        "alignItems": "center",
        "flex": 1,
        "justifyContent": "center",
        "width": "20%",
      }
    }
  >
    <RCTSwitch
      accessibilityRole="button"
      onChange={[Function]}
      onResponderTerminationRequest={[Function]}
      onStartShouldSetResponder={[Function]}
      style={
        Array [
          Object {
            "height": 31,
            "width": 51,
          },
          Object {
            "transform": Array [
              Object {
                "scaleX": 0.8,
              },
              Object {
                "scaleY": 0.8,
              },
            ],
          },
        ]
      }
      value={false}
    />
  </View>
</View>
`;
