// Jest Snapshot v1, https://goo.gl/fbAQLP

exports[`ConnectCodeScreen should maintain snapshot 1`] = `
<RCTSafeAreaView
  emulateUnlessSupported={true}
>
  <RCTScrollView
    showsVerticalScrollIndicator={false}
  >
    <View>
      <View
        style={
          Object {
            "flex": 1,
            "marginLeft": "5%",
            "marginRight": "5%",
          }
        }
      >
        <Text
          style={
            Object {
              "color": "#EE7674",
              "fontSize": 50,
              "fontWeight": "bold",
              "paddingBottom": 20,
              "paddingTop": 20,
              "textAlign": "center",
            }
          }
        >
          two.
        </Text>
        <Text
          data-testid="heading"
          style={
            Object {
              "color": "rgb(37, 37, 37)",
              "fontSize": 25,
              "fontWeight": "bold",
            }
          }
        >
          Connect Your Partner
        </Text>
        <Text
          style={
            Object {
              "fontWeight": "bold",
              "marginTop": 20,
            }
          }
        >
          Thanks for joining us!
        </Text>
        <Text
          style={
            Object {
              "marginTop": 10,
            }
          }
        >
          The sign-up process is almost complete. Once your partner has registered, send them your code!
        </Text>
        <TouchableOpacity
          onPress={[Function]}
          style={
            Object {
              "backgroundColor": "rgba(0, 0, 0, 0.1)",
              "marginTop": 20,
              "padding": 20,
            }
          }
        >
          <Text
            style={
              Object {
                "color": "rgb(37, 37, 37)",
                "fontWeight": "300",
                "marginBottom": 10,
                "textAlign": "center",
              }
            }
          >
            Your Code
          </Text>
          <Text
            style={
              Object {
                "fontSize": 30,
                "fontWeight": "bold",
                "textAlign": "center",
              }
            }
          >
            abcdef
          </Text>
          <Text
            style={
              Object {
                "color": "rgb(37, 37, 37)",
                "fontWeight": "300",
                "marginTop": 10,
                "textAlign": "center",
              }
            }
          >
            Tap to Copy
          </Text>
        </TouchableOpacity>
        <Text
          style={
            Object {
              "fontWeight": "bold",
              "marginTop": 20,
            }
          }
        >
          Or, enter your partners code...
        </Text>
        <View
          style={
            Object {
              "marginTop": 5,
            }
          }
        >
          <TextInput
            onBlur={[Function]}
            onChangeText={[Function]}
            onFocus={[Function]}
            placeholder="e.g bWzGl2"
            style={
              Array [
                Object {
                  "borderBottomColor": "rgba(0, 0, 0, 0.2)",
                  "borderBottomWidth": 1,
                  "fontSize": 15,
                  "paddingBottom": 10,
                  "paddingHorizontal": 0,
                  "paddingTop": 10,
                  "width": "100%",
                },
                undefined,
                undefined,
              ]
            }
            value=""
          />
          <TouchableOpacity
            disabled={true}
            onPress={[Function]}
            style={
              Array [
                Object {
                  "alignItems": "center",
                  "backgroundColor": "#EE7674",
                  "justifyContent": "center",
                  "marginBottom": 25,
                  "marginTop": 25,
                  "padding": 20,
                },
                Object {
                  "backgroundColor": "rgba(0, 0, 0, 0.2)",
                },
              ]
            }
          >
            <Text
              style={
                Object {
                  "color": "white",
                  "fontWeight": "bold",
                }
              }
            >
              Connect
            </Text>
          </TouchableOpacity>
        </View>
        <TouchableOpacity
          onPress={[Function]}
        >
          <Text>
            LOGOUT
          </Text>
        </TouchableOpacity>
      </View>
    </View>
  </RCTScrollView>
</RCTSafeAreaView>
`;
