// Jest Snapshot v1, https://goo.gl/fbAQLP

exports[`HomeScreen should maintain snapshot 1`] = `
<RCTSafeAreaView
  emulateUnlessSupported={true}
>
  <RCTScrollView
    showsVerticalScrollIndicator={false}
  >
    <View>
      <View
        style={
          Object {
            "flex": 1,
            "marginLeft": "10%",
            "marginRight": "10%",
          }
        }
      >
        <Text>
          You're logged in. Home screen, booyah!
        </Text>
        <Text>
          Your UID: 
          1
        </Text>
        <Text>
          Your PID: 
          2
        </Text>
        <Text>
          Your CID: 
          3
        </Text>
      </View>
    </View>
  </RCTScrollView>
</RCTSafeAreaView>
`;
