// Jest Snapshot v1, https://goo.gl/fbAQLP

exports[`should maintain snapshot 1`] = `
Array [
  <Text
    style={
      Object {
        "color": "#EE7674",
        "fontSize": 50,
        "fontWeight": "bold",
        "paddingBottom": 20,
        "paddingTop": 20,
        "textAlign": "center",
      }
    }
  >
    two.
  </Text>,
  <Text
    data-testid="heading"
    style={
      Object {
        "color": "rgba(0, 0, 0, 0.8)",
        "fontSize": 25,
        "fontWeight": "bold",
      }
    }
  >
    Test Heading
  </Text>,
]
`;
