// Jest Snapshot v1, https://goo.gl/fbAQLP

exports[`should maintain snapshot 1`] = `
<RCTSafeAreaView
  emulateUnlessSupported={true}
>
  <RCTScrollView
    showsVerticalScrollIndicator={false}
  >
    <View>
      <View
        style={
          Object {
            "flex": 1,
            "marginLeft": "5%",
            "marginRight": "5%",
          }
        }
      >
        <Text
          style={
            Object {
              "color": "#EE7674",
              "fontSize": 50,
              "fontWeight": "bold",
              "paddingBottom": 20,
              "paddingTop": 20,
              "textAlign": "center",
            }
          }
        >
          two.
        </Text>
        <Text
          data-testid="heading"
          style={
            Object {
              "color": "rgb(37, 37, 37)",
              "fontSize": 25,
              "fontWeight": "bold",
            }
          }
        >
          Create Account
        </Text>
        <Text
          style={
            Object {
              "color": "rgb(37, 37, 37)",
              "fontSize": 12,
              "fontWeight": "bold",
              "marginTop": 20,
            }
          }
        >
          First Name
        </Text>
        <TextInput
          autoCompleteType="name"
          onBlur={[Function]}
          onChangeText={[Function]}
          onFocus={[Function]}
          placeholder="First Name"
          style={
            Array [
              Object {
                "borderBottomColor": "rgba(0, 0, 0, 0.2)",
                "borderBottomWidth": 1,
                "fontSize": 15,
                "paddingBottom": 10,
                "paddingHorizontal": 0,
                "paddingTop": 10,
                "width": "100%",
              },
              undefined,
              undefined,
            ]
          }
          value=""
        />
        <Text
          style={
            Object {
              "color": "rgb(37, 37, 37)",
              "fontSize": 12,
              "fontWeight": "bold",
              "marginTop": 20,
            }
          }
        >
          Last Name
        </Text>
        <TextInput
          onBlur={[Function]}
          onChangeText={[Function]}
          onFocus={[Function]}
          placeholder="Last Name"
          style={
            Array [
              Object {
                "borderBottomColor": "rgba(0, 0, 0, 0.2)",
                "borderBottomWidth": 1,
                "fontSize": 15,
                "paddingBottom": 10,
                "paddingHorizontal": 0,
                "paddingTop": 10,
                "width": "100%",
              },
              undefined,
              undefined,
            ]
          }
          value=""
        />
        <Text
          style={
            Object {
              "color": "rgb(37, 37, 37)",
              "fontSize": 12,
              "fontWeight": "bold",
              "marginTop": 20,
            }
          }
        >
          Email
        </Text>
        <TextInput
          autoCapitalize="none"
          autoCompleteType="email"
          onBlur={[Function]}
          onChangeText={[Function]}
          onFocus={[Function]}
          placeholder="you@email.com"
          style={
            Array [
              Object {
                "borderBottomColor": "rgba(0, 0, 0, 0.2)",
                "borderBottomWidth": 1,
                "fontSize": 15,
                "paddingBottom": 10,
                "paddingHorizontal": 0,
                "paddingTop": 10,
                "width": "100%",
              },
              undefined,
              undefined,
            ]
          }
          value=""
        />
        <Text
          style={
            Object {
              "color": "rgb(37, 37, 37)",
              "fontSize": 12,
              "fontWeight": "bold",
              "marginTop": 20,
            }
          }
        >
          Password
        </Text>
        <TextInput
          autoCompleteType="password"
          onBlur={[Function]}
          onChangeText={[Function]}
          onFocus={[Function]}
          placeholder="Secure Password"
          secureTextEntry={true}
          style={
            Array [
              Object {
                "borderBottomColor": "rgba(0, 0, 0, 0.2)",
                "borderBottomWidth": 1,
                "fontSize": 15,
                "paddingBottom": 10,
                "paddingHorizontal": 0,
                "paddingTop": 10,
                "width": "100%",
              },
              undefined,
              undefined,
            ]
          }
          value=""
        />
        <TouchableOpacity
          disabled={true}
          onPress={[Function]}
          style={
            Array [
              Object {
                "alignItems": "center",
                "backgroundColor": "#EE7674",
                "justifyContent": "center",
                "marginBottom": 25,
                "marginTop": 25,
                "padding": 20,
              },
              Object {
                "backgroundColor": "rgba(0, 0, 0, 0.2)",
              },
            ]
          }
        >
          <Text
            style={
              Object {
                "color": "white",
                "fontWeight": "bold",
              }
            }
          >
            Join Two
          </Text>
        </TouchableOpacity>
        <View
          style={
            Object {
              "flexDirection": "row",
              "marginTop": 10,
            }
          }
        >
          <Text
            style={
              Object {
                "color": "rgb(100, 100, 100)",
              }
            }
          >
            Already a member?
          </Text>
          <RNGestureHandlerButton
            collapsable={false}
            onGestureEvent={[Function]}
            onGestureHandlerEvent={[Function]}
            onGestureHandlerStateChange={[Function]}
            onHandlerStateChange={[Function]}
            rippleColor={0}
            style={
              Array [
                Object {
                  "overflow": "hidden",
                },
                undefined,
              ]
            }
          >
            <View
              accessible={true}
              style={
                Object {
                  "marginLeft": 5,
                  "opacity": 1,
                }
              }
            >
              <Text
                style={
                  Object {
                    "color": "rgb(37, 37, 37)",
                    "fontWeight": "bold",
                  }
                }
              >
                Sign In
              </Text>
            </View>
          </RNGestureHandlerButton>
        </View>
      </View>
    </View>
  </RCTScrollView>
</RCTSafeAreaView>
`;
